ASxxxx Linker V03.00 + NoICE + sdld,  page 1.
Hexadecimal  [32-Bits]

Area                                    Addr        Size        Decimal Bytes (Attributes)
--------------------------------        ----        ----        ------- ----- ------------
CABS                                00000000    00000000 =           0. bytes (ABS,CON,CODE)

      Value  Global                              Global Defined In Module
      -----  --------------------------------   ------------------------
C:   00000000  l_BIT_BANK                      
C:   00000000  l_BSEG                          
C:   00000000  l_BSEG_BYTES                    
C:   00000000  l_CABS                          
C:   00000000  l_GSINIT                        
C:   00000000  l_GSINIT1                       
C:   00000000  l_GSINIT5                       
C:   00000000  l_IABS                          
C:   00000000  l_PSEG                          
C:   00000000  l_REG_BANK_1                    
C:   00000000  l_REG_BANK_2                    
C:   00000000  l_REG_BANK_3                    
C:   00000000  l_RSEG                          
C:   00000000  l_RSEG0                         
C:   00000000  l_RSEG1                         
C:   00000000  l_XABS                          
C:   00000000  l__CODE                         
C:   00000000  s_BSEG                          
C:   00000000  s_CABS                          
C:   00000000  s_DSEG                          
C:   00000000  s_HOME                          
C:   00000000  s_IABS                          
C:   00000000  s_REG_BANK_0                    
C:   00000000  s_RSEG                          
C:   00000000  s_RSEG0                         
C:   00000000  s_RSEG1                         
C:   00000000  s_XABS                          
C:   00000001  l_XINIT                         
C:   00000001  l_XISEG                         
C:   00000001  s_PSEG                          
C:   00000001  s_XSEG                          
C:   00000003  l_GSFINAL                       
C:   00000003  l_GSINIT0                       
C:   00000004  l_OSEG                          
C:   00000006  l_HOME                          
C:   00000006  l_ISEG                          
C:   00000006  s_GSINIT0                       
C:   00000008  l_REG_BANK_0                    
C:   00000008  s_REG_BANK_1                    
C:   00000009  s_GSINIT1                       
C:   00000009  s_GSINIT2                       
C:   0000000A  l_GSINIT2                       
C:   00000010  s_REG_BANK_2                    
C:   00000012  l_CONST                         
C:   00000013  s_GSINIT3                       
C:   00000018  s_BIT_BANK                      
C:   00000018  s_REG_BANK_3                    
C:   00000020  s_BSEG_BYTES                    
C:   00000020  s__CODE                         
C:   00000022  l_GSINIT3                       
ASxxxx Linker V03.00 + NoICE + sdld,  page 2.
Hexadecimal  [32-Bits]

Area                                    Addr        Size        Decimal Bytes (Attributes)
--------------------------------        ----        ----        ------- ----- ------------
CABS                                00000000    00000000 =           0. bytes (ABS,CON,CODE)

      Value  Global                              Global Defined In Module
      -----  --------------------------------   ------------------------
C:   0000002A  l_GSINIT4                       
C:   00000035  s_GSINIT4                       
C:   00000044  l_XSEG                          
C:   00000045  s_XISEG                         
C:   0000005A  s_OSEG                          
C:   0000005E  s_ISEG                          
C:   0000005F  s_GSFINAL                       
C:   0000005F  s_GSINIT                        
C:   0000005F  s_GSINIT5                       
C:   00000062  s_CSEG                          
C:   00000064  s_SSEG                          
C:   00000080  l_DSEG                          
C:   0000009C  l_SSEG                          
C:   00000100  l_IRAM                          
C:   00000EB2  l_CSEG                          
C:   00000F14  s_CONST                         
C:   00000F26  s_XINIT                         

ASxxxx Linker V03.00 + NoICE + sdld,  page 3.
Hexadecimal  [32-Bits]

Area                                    Addr        Size        Decimal Bytes (Attributes)
--------------------------------        ----        ----        ------- ----- ------------
.  .ABS.                            00000000    00000000 =           0. bytes (ABS,CON)

      Value  Global                              Global Defined In Module
      -----  --------------------------------   ------------------------
     00000000  .__.ABS.                           _gptrput
     00000080  _p0                                N76_uart0
     00000081  _sp                                N76_uart0
     00000082  _dpl                               N76_uart0
     00000083  _dph                               N76_uart0
     00000084  _rctrim0                           N76_uart0
     00000085  _rctrim1                           N76_uart0
     00000086  _rwk                               N76_uart0
     00000087  _pcon                              N76_uart0
     00000088  _tcon                              N76_uart0
     00000089  _tmod                              N76_uart0
     0000008A  _tl0                               N76_uart0
     0000008B  _tl1                               N76_uart0
     0000008C  _th0                               N76_uart0
     0000008D  _th1                               N76_uart0
     0000008E  _ckcon                             N76_uart0
     0000008F  _wkcon                             N76_uart0
     00000090  _p1                                N76_uart0
     00000091  _sfrs                              N76_uart0
     00000092  _capcon0                           N76_uart0
     00000093  _capcon1                           N76_uart0
     00000094  _capcon2                           N76_uart0
     00000095  _ckdiv                             N76_uart0
     00000096  _ckswt                             N76_uart0
     00000097  _cken                              N76_uart0
     00000098  _scon                              N76_uart0
     00000099  _sbuf                              N76_uart0
     0000009A  _sbuf_1                            N76_uart0
     0000009B  _eie                               N76_uart0
     0000009C  _eie1                              N76_uart0
     0000009F  _chpcon                            N76_uart0
     000000A0  __XPAGE                            
     000000A0  _p2                                N76_uart0
     000000A2  _auxr1                             N76_uart0
     000000A3  _bodcon0                           N76_uart0
     000000A4  _iaptrg                            N76_uart0
     000000A5  _iapuen                            N76_uart0
     000000A6  _iapal                             N76_uart0
     000000A7  _iapah                             N76_uart0
     000000A8  _ie                                N76_uart0
     000000A9  _saddr                             N76_uart0
     000000AA  _wdcon                             N76_uart0
     000000AB  _bodcon1                           N76_uart0
     000000AC  _p3m1                              N76_uart0
     000000AC  _p3s                               N76_uart0
     000000AD  _p3m2                              N76_uart0
     000000AD  _p3sr                              N76_uart0
     000000AE  _iapfd                             N76_uart0
     000000AF  _iapcn                             N76_uart0
     000000B0  _p3                                N76_uart0
ASxxxx Linker V03.00 + NoICE + sdld,  page 4.
Hexadecimal  [32-Bits]

Area                                    Addr        Size        Decimal Bytes (Attributes)
--------------------------------        ----        ----        ------- ----- ------------
.  .ABS.                            00000000    00000000 =           0. bytes (ABS,CON)

      Value  Global                              Global Defined In Module
      -----  --------------------------------   ------------------------
     000000B1  _p0m1                              N76_uart0
     000000B1  _p0s                               N76_uart0
     000000B2  _p0m2                              N76_uart0
     000000B2  _p0sr                              N76_uart0
     000000B3  _p1m1                              N76_uart0
     000000B3  _p1s                               N76_uart0
     000000B4  _p1m2                              N76_uart0
     000000B4  _p1sr                              N76_uart0
     000000B5  _p2s                               N76_uart0
     000000B7  _iph                               N76_uart0
     000000B7  _pwmintc                           N76_uart0
     000000B8  _ip                                N76_uart0
     000000B9  _saden                             N76_uart0
     000000BA  _saden_1                           N76_uart0
     000000BB  _saddr_1                           N76_uart0
     000000BC  _i2dat                             N76_uart0
     000000BD  _i2stat                            N76_uart0
     000000BE  _i2clk                             N76_uart0
     000000BF  _i2toc                             N76_uart0
     000000C0  _i2con                             N76_uart0
     000000C1  _i2addr                            N76_uart0
     000000C2  _adcrl                             N76_uart0
     000000C3  _adcrh                             N76_uart0
     000000C4  _pwm4h                             N76_uart0
     000000C4  _t3con                             N76_uart0
     000000C5  _pwm5h                             N76_uart0
     000000C5  _rl3                               N76_uart0
     000000C6  _piocon1                           N76_uart0
     000000C6  _rh3                               N76_uart0
     000000C7  _ta                                N76_uart0
     000000C8  _t2con                             N76_uart0
     000000C9  _t2mod                             N76_uart0
     000000CA  _rcmp2l                            N76_uart0
     000000CB  _rcmp2h                            N76_uart0
     000000CC  _pwm4l                             N76_uart0
     000000CC  _tl2                               N76_uart0
     000000CD  _pwm5l                             N76_uart0
     000000CD  _th2                               N76_uart0
     000000CE  _adcmpl                            N76_uart0
     000000CF  _adcmph                            N76_uart0
     000000D0  _psw                               N76_uart0
     000000D1  _pwmph                             N76_uart0
     000000D2  _pwm0h                             N76_uart0
     000000D3  _pwm1h                             N76_uart0
     000000D4  _pwm2h                             N76_uart0
     000000D5  _pwm3h                             N76_uart0
     000000D6  _pnp                               N76_uart0
     000000D7  _fbd                               N76_uart0
     000000D8  _pwmcon0                           N76_uart0
     000000D9  _pwmpl                             N76_uart0
     000000DA  _pwm0l                             N76_uart0
ASxxxx Linker V03.00 + NoICE + sdld,  page 5.
Hexadecimal  [32-Bits]

Area                                    Addr        Size        Decimal Bytes (Attributes)
--------------------------------        ----        ----        ------- ----- ------------
.  .ABS.                            00000000    00000000 =           0. bytes (ABS,CON)

      Value  Global                              Global Defined In Module
      -----  --------------------------------   ------------------------
     000000DB  _pwm1l                             N76_uart0
     000000DC  _pwm2l                             N76_uart0
     000000DD  _pwm3l                             N76_uart0
     000000DE  _piocon0                           N76_uart0
     000000DF  _pwmcon1                           N76_uart0
     000000E0  _acc                               N76_uart0
     000000E1  _adccon1                           N76_uart0
     000000E2  _adccon2                           N76_uart0
     000000E3  _adcdly                            N76_uart0
     000000E4  _c0l                               N76_uart0
     000000E5  _c0h                               N76_uart0
     000000E6  _c1l                               N76_uart0
     000000E7  _c1h                               N76_uart0
     000000E8  _adccon0                           N76_uart0
     000000E9  _picon                             N76_uart0
     000000EA  _pinen                             N76_uart0
     000000EB  _pipen                             N76_uart0
     000000EC  _pif                               N76_uart0
     000000ED  _c2l                               N76_uart0
     000000EE  _c2h                               N76_uart0
     000000EF  _eip                               N76_uart0
     000000F0  _b                                 N76_uart0
     000000F1  _capcon3                           N76_uart0
     000000F2  _capcon4                           N76_uart0
     000000F3  _spcr                              N76_uart0
     000000F3  _spcr2                             N76_uart0
     000000F4  _spsr                              N76_uart0
     000000F5  _B_5                               _gptrput
     000000F5  _spdr                              N76_uart0
     000000F6  _B_6                               _gptrput
     000000F6  _aindids                           N76_uart0
     000000F7  _B_7                               _gptrput
     000000F7  _eiph                              N76_uart0
     000000F8  _scon_1                            N76_uart0
     000000F9  _pdten                             N76_uart0
     000000FA  _pdtcnt                            N76_uart0
     000000FB  _pmen                              N76_uart0
     000000FC  _pmd                               N76_uart0
     000000FE  _eip1                              N76_uart0
     000000FF  _eiph1                             N76_uart0
ASxxxx Linker V03.00 + NoICE + sdld,  page 6.
Hexadecimal  [32-Bits]

Area                                    Addr        Size        Decimal Bytes (Attributes)
--------------------------------        ----        ----        ------- ----- ------------
REG_BANK_0                          00000000    00000008 =           8. bytes (REL,OVR)

      Value  Global                              Global Defined In Module
      -----  --------------------------------   ------------------------
ASxxxx Linker V03.00 + NoICE + sdld,  page 7.
Hexadecimal  [32-Bits]

Area                                    Addr        Size        Decimal Bytes (Attributes)
--------------------------------        ----        ----        ------- ----- ------------
DSEG                                00000000    00000080 =         128. bytes (REL,CON)

      Value  Global                              Global Defined In Module
      -----  --------------------------------   ------------------------
     00000008  _value                             Test_SPI
     0000000A  _MAX7219_transferAll_PARM_2        Test_SPI
     0000000B  _MAX7219_transferAll_PARM_3        Test_SPI
     0000000C  _MAX7219_transfer_PARM_2           Test_SPI
     0000000D  _MAX7219_transfer_PARM_3           Test_SPI
     0000000E  _I2C_writeBuffer_PARM_2            N76_I2C
     0000000F  _I2C_requestFrom_PARM_2            N76_I2C
     00000024  _vsprintf_PARM_2                   sprintf
     00000027  _vsprintf_PARM_3                   sprintf
     0000002B  _bp                                _bp
     00000039  __print_format_PARM_2              printf_large
     0000003C  __print_format_PARM_3              printf_large
     0000003F  __print_format_PARM_4              printf_large

ASxxxx Linker V03.00 + NoICE + sdld,  page 8.
Hexadecimal  [32-Bits]

Area                                    Addr        Size        Decimal Bytes (Attributes)
--------------------------------        ----        ----        ------- ----- ------------
OSEG                                0000005A    00000004 =           4. bytes (REL,OVR)

      Value  Global                              Global Defined In Module
      -----  --------------------------------   ------------------------
     0000005A  _APROM_write_byte_PARM_2           N76_Flash
     0000005A  __gptrput_PARM_2                   _gptrput
     0000005A  __mulint_PARM_2                    _mulint
     0000005A  __mullong_PARM_2                   _mullong

ASxxxx Linker V03.00 + NoICE + sdld,  page 9.
Hexadecimal  [32-Bits]

Area                                    Addr        Size        Decimal Bytes (Attributes)
--------------------------------        ----        ----        ------- ----- ------------
ISEG                                0000005E    00000006 =           6. bytes (REL,CON)

      Value  Global                              Global Defined In Module
      -----  --------------------------------   ------------------------
ASxxxx Linker V03.00 + NoICE + sdld,  page 10.
Hexadecimal  [32-Bits]

Area                                    Addr        Size        Decimal Bytes (Attributes)
--------------------------------        ----        ----        ------- ----- ------------
SSEG                                00000064    0000009C =         156. bytes (REL,OVR)

      Value  Global                              Global Defined In Module
      -----  --------------------------------   ------------------------
     00000064  __start__stack                     Test_SPI

ASxxxx Linker V03.00 + NoICE + sdld,  page 11.
Hexadecimal  [32-Bits]

Area                                    Addr        Size        Decimal Bytes (Attributes)
--------------------------------        ----        ----        ------- ----- ------------
XSEG                                00000001    00000044 =          68. bytes (REL,CON,XDATA)

      Value  Global                              Global Defined In Module
      -----  --------------------------------   ------------------------
D:   00000001  _rxBufferIndex                     N76_I2C
D:   00000002  _rxBufferLength                    N76_I2C
D:   00000003  _rxBuffer                          N76_I2C
D:   00000023  _txBufferIndex                     N76_I2C
D:   00000024  _txBufferLength                    N76_I2C
D:   00000025  _txBuffer                          N76_I2C
ASxxxx Linker V03.00 + NoICE + sdld,  page 12.
Hexadecimal  [32-Bits]

Area                                    Addr        Size        Decimal Bytes (Attributes)
--------------------------------        ----        ----        ------- ----- ------------
XISEG                               00000045    00000001 =           1. bytes (REL,CON,XDATA)

      Value  Global                              Global Defined In Module
      -----  --------------------------------   ------------------------
D:   00000045  _t                                 N76_I2C

ASxxxx Linker V03.00 + NoICE + sdld,  page 13.
Hexadecimal  [32-Bits]

Area                                    Addr        Size        Decimal Bytes (Attributes)
--------------------------------        ----        ----        ------- ----- ------------
HOME                                00000000    00000006 =           6. bytes (REL,CON,CODE)

      Value  Global                              Global Defined In Module
      -----  --------------------------------   ------------------------
C:   00000003  __sdcc_program_startup             Test_SPI

ASxxxx Linker V03.00 + NoICE + sdld,  page 14.
Hexadecimal  [32-Bits]

Area                                    Addr        Size        Decimal Bytes (Attributes)
--------------------------------        ----        ----        ------- ----- ------------
GSINIT0                             00000006    00000003 =           3. bytes (REL,CON,CODE)

      Value  Global                              Global Defined In Module
      -----  --------------------------------   ------------------------
C:   00000006  __sdcc_gsinit_startup              

ASxxxx Linker V03.00 + NoICE + sdld,  page 15.
Hexadecimal  [32-Bits]

Area                                    Addr        Size        Decimal Bytes (Attributes)
--------------------------------        ----        ----        ------- ----- ------------
GSINIT2                             00000009    0000000A =          10. bytes (REL,CON,CODE)

      Value  Global                              Global Defined In Module
      -----  --------------------------------   ------------------------
ASxxxx Linker V03.00 + NoICE + sdld,  page 16.
Hexadecimal  [32-Bits]

Area                                    Addr        Size        Decimal Bytes (Attributes)
--------------------------------        ----        ----        ------- ----- ------------
GSINIT3                             00000013    00000022 =          34. bytes (REL,CON,CODE)

      Value  Global                              Global Defined In Module
      -----  --------------------------------   ------------------------
C:   00000013  __mcs51_genXINIT                   

ASxxxx Linker V03.00 + NoICE + sdld,  page 17.
Hexadecimal  [32-Bits]

Area                                    Addr        Size        Decimal Bytes (Attributes)
--------------------------------        ----        ----        ------- ----- ------------
GSINIT4                             00000035    0000002A =          42. bytes (REL,CON,CODE)

      Value  Global                              Global Defined In Module
      -----  --------------------------------   ------------------------
C:   00000035  __mcs51_genRAMCLEAR                
C:   0000003B  __mcs51_genXRAMCLEAR               

ASxxxx Linker V03.00 + NoICE + sdld,  page 18.
Hexadecimal  [32-Bits]

Area                                    Addr        Size        Decimal Bytes (Attributes)
--------------------------------        ----        ----        ------- ----- ------------
GSFINAL                             0000005F    00000003 =           3. bytes (REL,CON,CODE)

      Value  Global                              Global Defined In Module
      -----  --------------------------------   ------------------------
ASxxxx Linker V03.00 + NoICE + sdld,  page 19.
Hexadecimal  [32-Bits]

Area                                    Addr        Size        Decimal Bytes (Attributes)
--------------------------------        ----        ----        ------- ----- ------------
CSEG                                00000062    00000EB2 =        3762. bytes (REL,CON,CODE)

      Value  Global                              Global Defined In Module
      -----  --------------------------------   ------------------------
C:   00000062  _MAX7219_begin                     Test_SPI
C:   000000A1  _MAX7219_transferAll               Test_SPI
C:   000000C2  _MAX7219_transfer                  Test_SPI
C:   00000118  _main                              Test_SPI
C:   0000017D  __delay_ms                         include
C:   000001B7  __delay_us                         include
C:   0000020B  _APROM_read_byte                   N76_Flash
C:   00000210  _APROM_read_2byte                  N76_Flash
C:   0000021B  _APROM_write_byte                  N76_Flash
C:   00000275  _Erase_APROM                       N76_Flash
C:   000002CF  _timeOut                           N76_I2C
C:   000002EC  _I2C_begin                         N76_I2C
C:   000002FF  _I2C_beginTransmission             N76_I2C
C:   00000357  _I2C_write                         N76_I2C
C:   00000375  _I2C_writeBuffer                   N76_I2C
C:   000003AD  _I2C_endTransmission               N76_I2C
C:   00000413  _I2C_requestFrom                   N76_I2C
C:   00000520  _I2C_read                          N76_I2C
C:   00000546  _I2C_available                     N76_I2C
C:   0000055F  _SPI_begin                         N76_SPI
C:   00000584  _SPI_transfer                      N76_SPI
C:   00000595  _UART0_begin                       N76_uart0
C:   000005BB  _UART0_putChar                     N76_uart0
C:   000005CB  _UART0_print                       N76_uart0
C:   00000610  _UART0_println                     N76_uart0
C:   0000061C  _UART0_printNum                    N76_uart0
C:   00000655  __mullong                          _mullong
C:   00000655  __mullong_dummy                    _mullong
C:   00000733  _vsprintf                          sprintf
C:   00000770  _sprintf                           sprintf
C:   00000856  __print_format                     printf_large
C:   00000EA4  _strlen                            _strlen
C:   00000EBC  __mulint                           _mulint
C:   00000EBC  __mulint_dummy                     _mulint
C:   00000ED9  __gptrget                          _gptrget
C:   00000EF5  __sdcc_external_startup            _startup
C:   00000EF9  __gptrput                          _gptrput

ASxxxx Linker V03.00 + NoICE + sdld,  page 20.
Hexadecimal  [32-Bits]

Area                                    Addr        Size        Decimal Bytes (Attributes)
--------------------------------        ----        ----        ------- ----- ------------
CONST                               00000F14    00000012 =          18. bytes (REL,CON,CODE)

      Value  Global                              Global Defined In Module
      -----  --------------------------------   ------------------------
ASxxxx Linker V03.00 + NoICE + sdld,  page 21.
Hexadecimal  [32-Bits]

Area                                    Addr        Size        Decimal Bytes (Attributes)
--------------------------------        ----        ----        ------- ----- ------------
XINIT                               00000F26    00000001 =           1. bytes (REL,CON,CODE)

      Value  Global                              Global Defined In Module
      -----  --------------------------------   ------------------------
ASxxxx Linker V03.00 + NoICE + sdld,  page 22.

Files Linked                              [ module(s) ]

./output/Test_SPI.rel                     [  ]
./output/include.rel                      [  ]
./output/N76_Flash.rel                    [  ]
./output/N76_I2C.rel                      [  ]
./output/N76_SPI.rel                      [  ]
./output/N76_uart0.rel                    [  ]


Libraries Linked                          [ object file ]

/usr/bin/../share/sdcc/lib/small/mcs51.lib
                                          [ crtclear.rel ]
/usr/bin/../share/sdcc/lib/small/mcs51.lib
                                          [ crtxinit.rel ]
/usr/bin/../share/sdcc/lib/small/liblong.lib
                                          [ _mullong.rel ]
/usr/bin/../share/sdcc/lib/small/mcs51.lib
                                          [ crtxclear.rel ]
/usr/bin/../share/sdcc/lib/small/libsdcc.lib
                                          [ sprintf.rel ]
/usr/bin/../share/sdcc/lib/small/libsdcc.lib
                                          [ _bp.rel ]
/usr/bin/../share/sdcc/lib/small/libsdcc.lib
                                          [ printf_large.rel ]
/usr/bin/../share/sdcc/lib/small/mcs51.lib
                                          [ crtpagesfr.rel ]
/usr/bin/../share/sdcc/lib/small/libsdcc.lib
                                          [ _strlen.rel ]
/usr/bin/../share/sdcc/lib/small/libint.lib
                                          [ _mulint.rel ]
/usr/bin/../share/sdcc/lib/small/mcs51.lib
                                          [ crtstart.rel ]
/usr/bin/../share/sdcc/lib/small/libsdcc.lib
                                          [ _gptrget.rel ]
/usr/bin/../share/sdcc/lib/small/libsdcc.lib
                                          [ _startup.rel ]
/usr/bin/../share/sdcc/lib/small/libsdcc.lib
                                          [ _gptrput.rel ]

ASxxxx Linker V03.00 + NoICE + sdld,  page 23.

User Base Address Definitions

HOME = 0x0000
XSEG = 0x0001
PSEG = 0x0001
ISEG = 0x0000
BSEG = 0x0000

