ASxxxx Linker V03.00 + NoICE + sdld,  page 1.
Hexadecimal  [32-Bits]

Area                                    Addr        Size        Decimal Bytes (Attributes)
--------------------------------        ----        ----        ------- ----- ------------
CABS                                00000000    00000000 =           0. bytes (ABS,CON,CODE)

      Value  Global                              Global Defined In Module
      -----  --------------------------------   ------------------------
C:   00000000  l_BIT_BANK                      
C:   00000000  l_BSEG                          
C:   00000000  l_BSEG_BYTES                    
C:   00000000  l_CABS                          
C:   00000000  l_GSINIT1                       
C:   00000000  l_GSINIT5                       
C:   00000000  l_IABS                          
C:   00000000  l_PSEG                          
C:   00000000  l_REG_BANK_1                    
C:   00000000  l_REG_BANK_2                    
C:   00000000  l_REG_BANK_3                    
C:   00000000  l_RSEG                          
C:   00000000  l_RSEG0                         
C:   00000000  l_RSEG1                         
C:   00000000  l_XABS                          
C:   00000000  l_XINIT                         
C:   00000000  l_XISEG                         
C:   00000000  l_XSEG                          
C:   00000000  l__CODE                         
C:   00000000  s_BSEG                          
C:   00000000  s_CABS                          
C:   00000000  s_DSEG                          
C:   00000000  s_HOME                          
C:   00000000  s_IABS                          
C:   00000000  s_REG_BANK_0                    
C:   00000000  s_RSEG                          
C:   00000000  s_RSEG0                         
C:   00000000  s_RSEG1                         
C:   00000000  s_XABS                          
C:   00000001  s_PSEG                          
C:   00000001  s_XISEG                         
C:   00000001  s_XSEG                          
C:   00000003  l_GSFINAL                       
C:   00000003  l_GSINIT                        
C:   00000003  l_GSINIT0                       
C:   00000004  l_OSEG                          
C:   00000006  l_HOME                          
C:   00000006  l_ISEG                          
C:   00000006  s_GSINIT0                       
C:   00000008  l_REG_BANK_0                    
C:   00000008  s_REG_BANK_1                    
C:   00000009  s_GSINIT1                       
C:   00000009  s_GSINIT2                       
C:   0000000A  l_GSINIT2                       
C:   00000010  s_REG_BANK_2                    
C:   00000013  s_GSINIT3                       
C:   00000018  s_BIT_BANK                      
C:   00000018  s_REG_BANK_3                    
C:   0000001B  l_CONST                         
C:   00000020  s_BSEG_BYTES                    
ASxxxx Linker V03.00 + NoICE + sdld,  page 2.
Hexadecimal  [32-Bits]

Area                                    Addr        Size        Decimal Bytes (Attributes)
--------------------------------        ----        ----        ------- ----- ------------
CABS                                00000000    00000000 =           0. bytes (ABS,CON,CODE)

      Value  Global                              Global Defined In Module
      -----  --------------------------------   ------------------------
C:   00000020  s__CODE                         
C:   00000022  l_GSINIT3                       
C:   0000002A  l_GSINIT4                       
C:   00000035  s_GSINIT4                       
C:   0000005F  s_GSINIT                        
C:   0000005F  s_GSINIT5                       
C:   00000062  s_GSFINAL                       
C:   00000065  s_CSEG                          
C:   00000069  s_OSEG                          
C:   0000006D  s_ISEG                          
C:   00000073  s_SSEG                          
C:   00000080  l_DSEG                          
C:   0000008D  l_SSEG                          
C:   00000100  l_IRAM                          
C:   00001066  l_CSEG                          
C:   000010CB  s_CONST                         
C:   000010E6  s_XINIT                         

ASxxxx Linker V03.00 + NoICE + sdld,  page 3.
Hexadecimal  [32-Bits]

Area                                    Addr        Size        Decimal Bytes (Attributes)
--------------------------------        ----        ----        ------- ----- ------------
.  .ABS.                            00000000    00000000 =           0. bytes (ABS,CON)

      Value  Global                              Global Defined In Module
      -----  --------------------------------   ------------------------
     00000000  .__.ABS.                           _gptrput
     00000080  _p0                                include
     00000081  _sp                                include
     00000082  _dpl                               include
     00000083  _dph                               include
     00000084  _rctrim0                           include
     00000085  _rctrim1                           include
     00000086  _rwk                               include
     00000087  _pcon                              include
     00000088  _tcon                              include
     00000089  _tmod                              include
     0000008A  _tl0                               include
     0000008B  _tl1                               include
     0000008C  _th0                               include
     0000008D  _th1                               include
     0000008E  _ckcon                             include
     0000008F  _wkcon                             include
     00000090  _p1                                include
     00000091  _sfrs                              include
     00000092  _capcon0                           include
     00000093  _capcon1                           include
     00000094  _capcon2                           include
     00000095  _ckdiv                             include
     00000096  _ckswt                             include
     00000097  _cken                              include
     00000098  _scon                              include
     00000099  _sbuf                              include
     0000009A  _sbuf_1                            include
     0000009B  _eie                               include
     0000009C  _eie1                              include
     0000009F  _chpcon                            include
     000000A0  __XPAGE                            
     000000A0  _p2                                include
     000000A2  _auxr1                             include
     000000A3  _bodcon0                           include
     000000A4  _iaptrg                            include
     000000A5  _iapuen                            include
     000000A6  _iapal                             include
     000000A7  _iapah                             include
     000000A8  _ie                                include
     000000A9  _saddr                             include
     000000AA  _wdcon                             include
     000000AB  _bodcon1                           include
     000000AC  _p3m1                              include
     000000AC  _p3s                               include
     000000AD  _p3m2                              include
     000000AD  _p3sr                              include
     000000AE  _iapfd                             include
     000000AF  _iapcn                             include
     000000B0  _p3                                include
ASxxxx Linker V03.00 + NoICE + sdld,  page 4.
Hexadecimal  [32-Bits]

Area                                    Addr        Size        Decimal Bytes (Attributes)
--------------------------------        ----        ----        ------- ----- ------------
.  .ABS.                            00000000    00000000 =           0. bytes (ABS,CON)

      Value  Global                              Global Defined In Module
      -----  --------------------------------   ------------------------
     000000B1  _p0m1                              include
     000000B1  _p0s                               include
     000000B2  _p0m2                              include
     000000B2  _p0sr                              include
     000000B3  _p1m1                              include
     000000B3  _p1s                               include
     000000B4  _p1m2                              include
     000000B4  _p1sr                              include
     000000B5  _p2s                               include
     000000B7  _iph                               include
     000000B7  _pwmintc                           include
     000000B8  _ip                                include
     000000B9  _saden                             include
     000000BA  _saden_1                           include
     000000BB  _saddr_1                           include
     000000BC  _i2dat                             include
     000000BD  _i2stat                            include
     000000BE  _i2clk                             include
     000000BF  _i2toc                             include
     000000C0  _i2con                             include
     000000C1  _i2addr                            include
     000000C2  _adcrl                             include
     000000C3  _adcrh                             include
     000000C4  _pwm4h                             include
     000000C4  _t3con                             include
     000000C5  _pwm5h                             include
     000000C5  _rl3                               include
     000000C6  _piocon1                           include
     000000C6  _rh3                               include
     000000C7  _ta                                include
     000000C8  _t2con                             include
     000000C9  _t2mod                             include
     000000CA  _rcmp2l                            include
     000000CB  _rcmp2h                            include
     000000CC  _pwm4l                             include
     000000CC  _tl2                               include
     000000CD  _pwm5l                             include
     000000CD  _th2                               include
     000000CE  _adcmpl                            include
     000000CF  _adcmph                            include
     000000D0  _psw                               include
     000000D1  _pwmph                             include
     000000D2  _pwm0h                             include
     000000D3  _pwm1h                             include
     000000D4  _pwm2h                             include
     000000D5  _pwm3h                             include
     000000D6  _pnp                               include
     000000D7  _fbd                               include
     000000D8  _pwmcon0                           include
     000000D9  _pwmpl                             include
     000000DA  _pwm0l                             include
ASxxxx Linker V03.00 + NoICE + sdld,  page 5.
Hexadecimal  [32-Bits]

Area                                    Addr        Size        Decimal Bytes (Attributes)
--------------------------------        ----        ----        ------- ----- ------------
.  .ABS.                            00000000    00000000 =           0. bytes (ABS,CON)

      Value  Global                              Global Defined In Module
      -----  --------------------------------   ------------------------
     000000DB  _pwm1l                             include
     000000DC  _pwm2l                             include
     000000DD  _pwm3l                             include
     000000DE  _piocon0                           include
     000000DF  _pwmcon1                           include
     000000E0  _acc                               include
     000000E1  _adccon1                           include
     000000E2  _adccon2                           include
     000000E3  _adcdly                            include
     000000E4  _c0l                               include
     000000E5  _c0h                               include
     000000E6  _c1l                               include
     000000E7  _c1h                               include
     000000E8  _adccon0                           include
     000000E9  _picon                             include
     000000EA  _pinen                             include
     000000EB  _pipen                             include
     000000EC  _pif                               include
     000000ED  _c2l                               include
     000000EE  _c2h                               include
     000000EF  _eip                               include
     000000F0  _b                                 include
     000000F1  _capcon3                           include
     000000F2  _capcon4                           include
     000000F3  _spcr                              include
     000000F3  _spcr2                             include
     000000F4  _spsr                              include
     000000F5  _B_5                               _gptrput
     000000F5  _spdr                              include
     000000F6  _B_6                               _gptrput
     000000F6  _aindids                           include
     000000F7  _B_7                               _gptrput
     000000F7  _eiph                              include
     000000F8  _scon_1                            include
     000000F9  _pdten                             include
     000000FA  _pdtcnt                            include
     000000FB  _pmen                              include
     000000FC  _pmd                               include
     000000FE  _eip1                              include
     000000FF  _eiph1                             include
ASxxxx Linker V03.00 + NoICE + sdld,  page 6.
Hexadecimal  [32-Bits]

Area                                    Addr        Size        Decimal Bytes (Attributes)
--------------------------------        ----        ----        ------- ----- ------------
REG_BANK_0                          00000000    00000008 =           8. bytes (REL,OVR)

      Value  Global                              Global Defined In Module
      -----  --------------------------------   ------------------------
ASxxxx Linker V03.00 + NoICE + sdld,  page 7.
Hexadecimal  [32-Bits]

Area                                    Addr        Size        Decimal Bytes (Attributes)
--------------------------------        ----        ----        ------- ----- ------------
DSEG                                00000000    00000080 =         128. bytes (REL,CON)

      Value  Global                              Global Defined In Module
      -----  --------------------------------   ------------------------
     00000008  _second                            Test_I2C
     0000000A  _minute                            Test_I2C
     0000000C  _hour                              Test_I2C
     0000000E  _day                               Test_I2C
     00000010  _wday                              Test_I2C
     00000012  _month                             Test_I2C
     00000014  _year                              Test_I2C
     00000016  _setTime_PARM_2                    Test_I2C
     00000017  _setTime_PARM_3                    Test_I2C
     00000018  _setTime_PARM_4                    Test_I2C
     00000019  _setTime_PARM_5                    Test_I2C
     0000001A  _setTime_PARM_6                    Test_I2C
     0000001B  _setTime_PARM_7                    Test_I2C
     0000001C  _t                                 N76_I2C
     0000001D  _I2C_writeBuffer_PARM_2            N76_I2C
     0000001E  _I2C_requestFrom_PARM_2            N76_I2C
     00000033  _vsprintf_PARM_2                   sprintf
     00000036  _vsprintf_PARM_3                   sprintf
     0000003A  _bp                                _bp
     00000048  __print_format_PARM_2              printf_large
     0000004B  __print_format_PARM_3              printf_large
     0000004E  __print_format_PARM_4              printf_large

ASxxxx Linker V03.00 + NoICE + sdld,  page 8.
Hexadecimal  [32-Bits]

Area                                    Addr        Size        Decimal Bytes (Attributes)
--------------------------------        ----        ----        ------- ----- ------------
OSEG                                00000069    00000004 =           4. bytes (REL,OVR)

      Value  Global                              Global Defined In Module
      -----  --------------------------------   ------------------------
     00000069  __divsint_PARM_2                   _divuint
     00000069  __divuint_PARM_2                   _divuint
     00000069  __gptrput_PARM_2                   _gptrput
     00000069  __modsint_PARM_2                   _moduint
     00000069  __moduint_PARM_2                   _moduint
     00000069  __mulint_PARM_2                    _mulint
     00000069  __mullong_PARM_2                   _mullong
     00000069  _xRamWrite_PARM_2                  include

ASxxxx Linker V03.00 + NoICE + sdld,  page 9.
Hexadecimal  [32-Bits]

Area                                    Addr        Size        Decimal Bytes (Attributes)
--------------------------------        ----        ----        ------- ----- ------------
ISEG                                0000006D    00000006 =           6. bytes (REL,CON)

      Value  Global                              Global Defined In Module
      -----  --------------------------------   ------------------------
ASxxxx Linker V03.00 + NoICE + sdld,  page 10.
Hexadecimal  [32-Bits]

Area                                    Addr        Size        Decimal Bytes (Attributes)
--------------------------------        ----        ----        ------- ----- ------------
SSEG                                00000073    0000008D =         141. bytes (REL,OVR)

      Value  Global                              Global Defined In Module
      -----  --------------------------------   ------------------------
     00000073  __start__stack                     Test_I2C

ASxxxx Linker V03.00 + NoICE + sdld,  page 11.
Hexadecimal  [32-Bits]

Area                                    Addr        Size        Decimal Bytes (Attributes)
--------------------------------        ----        ----        ------- ----- ------------
HOME                                00000000    00000006 =           6. bytes (REL,CON,CODE)

      Value  Global                              Global Defined In Module
      -----  --------------------------------   ------------------------
C:   00000003  __sdcc_program_startup             Test_I2C

ASxxxx Linker V03.00 + NoICE + sdld,  page 12.
Hexadecimal  [32-Bits]

Area                                    Addr        Size        Decimal Bytes (Attributes)
--------------------------------        ----        ----        ------- ----- ------------
GSINIT0                             00000006    00000003 =           3. bytes (REL,CON,CODE)

      Value  Global                              Global Defined In Module
      -----  --------------------------------   ------------------------
C:   00000006  __sdcc_gsinit_startup              

ASxxxx Linker V03.00 + NoICE + sdld,  page 13.
Hexadecimal  [32-Bits]

Area                                    Addr        Size        Decimal Bytes (Attributes)
--------------------------------        ----        ----        ------- ----- ------------
GSINIT2                             00000009    0000000A =          10. bytes (REL,CON,CODE)

      Value  Global                              Global Defined In Module
      -----  --------------------------------   ------------------------
ASxxxx Linker V03.00 + NoICE + sdld,  page 14.
Hexadecimal  [32-Bits]

Area                                    Addr        Size        Decimal Bytes (Attributes)
--------------------------------        ----        ----        ------- ----- ------------
GSINIT3                             00000013    00000022 =          34. bytes (REL,CON,CODE)

      Value  Global                              Global Defined In Module
      -----  --------------------------------   ------------------------
C:   00000013  __mcs51_genXINIT                   

ASxxxx Linker V03.00 + NoICE + sdld,  page 15.
Hexadecimal  [32-Bits]

Area                                    Addr        Size        Decimal Bytes (Attributes)
--------------------------------        ----        ----        ------- ----- ------------
GSINIT4                             00000035    0000002A =          42. bytes (REL,CON,CODE)

      Value  Global                              Global Defined In Module
      -----  --------------------------------   ------------------------
C:   00000035  __mcs51_genRAMCLEAR                
C:   0000003B  __mcs51_genXRAMCLEAR               

ASxxxx Linker V03.00 + NoICE + sdld,  page 16.
Hexadecimal  [32-Bits]

Area                                    Addr        Size        Decimal Bytes (Attributes)
--------------------------------        ----        ----        ------- ----- ------------
GSINIT                              0000005F    00000003 =           3. bytes (REL,CON,CODE)

      Value  Global                              Global Defined In Module
      -----  --------------------------------   ------------------------
ASxxxx Linker V03.00 + NoICE + sdld,  page 17.
Hexadecimal  [32-Bits]

Area                                    Addr        Size        Decimal Bytes (Attributes)
--------------------------------        ----        ----        ------- ----- ------------
GSFINAL                             00000062    00000003 =           3. bytes (REL,CON,CODE)

      Value  Global                              Global Defined In Module
      -----  --------------------------------   ------------------------
ASxxxx Linker V03.00 + NoICE + sdld,  page 18.
Hexadecimal  [32-Bits]

Area                                    Addr        Size        Decimal Bytes (Attributes)
--------------------------------        ----        ----        ------- ----- ------------
CSEG                                00000065    00001066 =        4198. bytes (REL,CON,CODE)

      Value  Global                              Global Defined In Module
      -----  --------------------------------   ------------------------
C:   00000065  _main                              Test_I2C
C:   00000097  _readDS1307                        Test_I2C
C:   00000129  _bcd2dec                           Test_I2C
C:   0000015F  _dec2bcd                           Test_I2C
C:   000001AB  _digitalClockDisplay               Test_I2C
C:   00000229  _printDigits                       Test_I2C
C:   00000268  _setTime                           Test_I2C
C:   000002BF  _timeOut                           N76_I2C
C:   000002D8  _I2C_begin                         N76_I2C
C:   000002EB  _I2C_beginTransmission             N76_I2C
C:   0000034C  _I2C_write                         N76_I2C
C:   00000382  _I2C_writeBuffer                   N76_I2C
C:   000003BA  _I2C_endTransmission               N76_I2C
C:   00000430  _I2C_requestFrom                   N76_I2C
C:   00000555  _I2C_read                          N76_I2C
C:   0000059C  _I2C_available                     N76_I2C
C:   000005C3  _UART0_begin                       N76_uart0
C:   000005EC  _UART0_putChar                     N76_uart0
C:   000005FC  _UART0_print                       N76_uart0
C:   00000641  _UART0_println                     N76_uart0
C:   0000064D  _UART0_printNum                    N76_uart0
C:   00000686  __delay_ms                         include
C:   000006C0  __delay_us                         include
C:   00000714  _xRamRead                          include
C:   00000718  _xRamWrite                         include
C:   0000071C  _xRamInc                           include
C:   00000722  _xRamDec                           include
C:   00000728  __mulint                           _mulint
C:   00000728  __mulint_dummy                     _mulint
C:   00000745  __mullong                          _mullong
C:   00000745  __mullong_dummy                    _mullong
C:   000007B3  __moduint                          _moduint
C:   00000800  __divuint                          _divuint
C:   00000899  _vsprintf                          sprintf
C:   000008D6  _sprintf                           sprintf
C:   000009BC  __print_format                     printf_large
C:   0000100A  _strlen                            _strlen
C:   00001022  __gptrget                          _gptrget
C:   0000103E  __modsint                          _modsint
C:   00001074  __divsint                          _divsint
C:   000010AC  __sdcc_external_startup            _startup
C:   000010B0  __gptrput                          _gptrput
ASxxxx Linker V03.00 + NoICE + sdld,  page 19.
Hexadecimal  [32-Bits]

Area                                    Addr        Size        Decimal Bytes (Attributes)
--------------------------------        ----        ----        ------- ----- ------------
CONST                               000010CB    0000001B =          27. bytes (REL,CON,CODE)

      Value  Global                              Global Defined In Module
      -----  --------------------------------   ------------------------
C:   000010CB  _DS1307                            Test_I2C
C:   000010CC  _NumberOfFields                    Test_I2C

ASxxxx Linker V03.00 + NoICE + sdld,  page 20.

Files Linked                              [ module(s) ]

./output/Test_I2C.rel                     [  ]
./output/N76_I2C.rel                      [  ]
./output/N76_uart0.rel                    [  ]
./output/include.rel                      [  ]


Libraries Linked                          [ object file ]

C:\Program Files\SDCC\bin\..\lib\small/mcs51.lib
                                          [ crtclear.rel ]
C:\Program Files\SDCC\bin\..\lib\small/mcs51.lib
                                          [ crtxinit.rel ]
C:\Program Files\SDCC\bin\..\lib\small/libint.lib
                                          [ _mulint.rel ]
C:\Program Files\SDCC\bin\..\lib\small/liblong.lib
                                          [ _mullong.rel ]
C:\Program Files\SDCC\bin\..\lib\small/libint.lib
                                          [ _moduint.rel ]
C:\Program Files\SDCC\bin\..\lib\small/mcs51.lib
                                          [ crtxclear.rel ]
C:\Program Files\SDCC\bin\..\lib\small/libint.lib
                                          [ _divuint.rel ]
C:\Program Files\SDCC\bin\..\lib\small/libsdcc.lib
                                          [ sprintf.rel ]
C:\Program Files\SDCC\bin\..\lib\small/libsdcc.lib
                                          [ _bp.rel ]
C:\Program Files\SDCC\bin\..\lib\small/libsdcc.lib
                                          [ printf_large.rel ]
C:\Program Files\SDCC\bin\..\lib\small/mcs51.lib
                                          [ crtpagesfr.rel ]
C:\Program Files\SDCC\bin\..\lib\small/libsdcc.lib
                                          [ _strlen.rel ]
C:\Program Files\SDCC\bin\..\lib\small/mcs51.lib
                                          [ crtstart.rel ]
C:\Program Files\SDCC\bin\..\lib\small/libsdcc.lib
                                          [ _gptrget.rel ]
C:\Program Files\SDCC\bin\..\lib\small/libint.lib
                                          [ _modsint.rel ]
C:\Program Files\SDCC\bin\..\lib\small/libint.lib
                                          [ _divsint.rel ]
C:\Program Files\SDCC\bin\..\lib\small/libsdcc.lib
                                          [ _startup.rel ]
C:\Program Files\SDCC\bin\..\lib\small/libsdcc.lib
                                          [ _gptrput.rel ]

ASxxxx Linker V03.00 + NoICE + sdld,  page 21.

User Base Address Definitions

HOME = 0x0000
XSEG = 0x0001
PSEG = 0x0001
ISEG = 0x0000
BSEG = 0x0000

